Saving all output to "!!{outputDirectory}!!/alter_rename_partition.q.raw". Enter "record" with no arguments to stop it.
>>>  !run !!{qFileDirectory}!!/alter_rename_partition.q
>>>  -- Cleanup
>>>  DROP TABLE alter_rename_partition_src;
No rows affected 
>>>  DROP TABLE alter_rename_partition;
No rows affected 
>>>  SHOW TABLES;
'tab_name'
'primitives'
'src'
'src1'
'src_json'
'src_sequencefile'
'src_thrift'
'srcbucket'
'srcbucket2'
'srcpart'
9 rows selected 
>>>  
>>>  create table alter_rename_partition_src ( col1 string ) stored as textfile ;
No rows affected 
>>>  load data local inpath '../data/files/test.dat' overwrite into table alter_rename_partition_src ;
No rows affected 
>>>  
>>>  create table alter_rename_partition ( col1 string ) partitioned by (pcol1 string , pcol2 string) stored as sequencefile;
No rows affected 
>>>  
>>>  insert overwrite table alter_rename_partition partition (pCol1='old_part1:', pcol2='old_part2:') select col1 from alter_rename_partition_src ;
'col1'
No rows selected 
>>>  select * from alter_rename_partition where pcol1='old_part1:' and pcol2='old_part2:';
'col1','pcol1','pcol2'
'1','old_part1:','old_part2:'
'2','old_part1:','old_part2:'
'3','old_part1:','old_part2:'
'4','old_part1:','old_part2:'
'5','old_part1:','old_part2:'
'6','old_part1:','old_part2:'
6 rows selected 
>>>  
>>>  alter table alter_rename_partition partition (pCol1='old_part1:', pcol2='old_part2:') rename to partition (pCol1='new_part1:', pcol2='new_part2:');
No rows affected 
>>>  SHOW PARTITIONS alter_rename_partition;
'partition'
'pcol1=new_part1%3A/pcol2=new_part2%3A'
1 row selected 
>>>  select * from alter_rename_partition where pcol1='old_part1:' and pcol2='old_part2:';
'col1','pcol1','pcol2'
No rows selected 
>>>  select * from alter_rename_partition where pcol1='new_part1:' and pcol2='new_part2:';
'col1','pcol1','pcol2'
'1','new_part1:','new_part2:'
'2','new_part1:','new_part2:'
'3','new_part1:','new_part2:'
'4','new_part1:','new_part2:'
'5','new_part1:','new_part2:'
'6','new_part1:','new_part2:'
6 rows selected 
>>>  
>>>  -- Cleanup
>>>  DROP TABLE alter_rename_partition_src;
No rows affected 
>>>  DROP TABLE alter_rename_partition;
No rows affected 
>>>  SHOW TABLES;
'tab_name'
'primitives'
'src'
'src1'
'src_json'
'src_sequencefile'
'src_thrift'
'srcbucket'
'srcbucket2'
'srcpart'
9 rows selected 
>>>  
>>>  -- With non-default Database
>>>  
>>>  CREATE DATABASE alter_rename_partition_db;
No rows affected 
>>>  USE alter_rename_partition_db;
No rows affected 
>>>  SHOW TABLES;
'tab_name'
No rows selected 
>>>  
>>>  CREATE TABLE alter_rename_partition_src (col1 STRING) STORED AS TEXTFILE ;
No rows affected 
>>>  LOAD DATA LOCAL INPATH '../data/files/test.dat' OVERWRITE INTO TABLE alter_rename_partition_src ;
No rows affected 
>>>  
>>>  CREATE TABLE alter_rename_partition (col1 STRING) PARTITIONED BY (pcol1 STRING, pcol2 STRING) STORED AS SEQUENCEFILE;
No rows affected 
>>>  
>>>  INSERT OVERWRITE TABLE alter_rename_partition PARTITION (pCol1='old_part1:', pcol2='old_part2:') SELECT col1 FROM alter_rename_partition_src ;
'col1'
No rows selected 
>>>  SELECT * FROM alter_rename_partition WHERE pcol1='old_part1:' AND pcol2='old_part2:';
'col1','pcol1','pcol2'
'1','old_part1:','old_part2:'
'2','old_part1:','old_part2:'
'3','old_part1:','old_part2:'
'4','old_part1:','old_part2:'
'5','old_part1:','old_part2:'
'6','old_part1:','old_part2:'
6 rows selected 
>>>  
>>>  ALTER TABLE alter_rename_partition PARTITION (pCol1='old_part1:', pcol2='old_part2:') RENAME TO PARTITION (pCol1='new_part1:', pcol2='new_part2:');
No rows affected 
>>>  SHOW PARTITIONS alter_rename_partition;
'partition'
'pcol1=new_part1%3A/pcol2=new_part2%3A'
1 row selected 
>>>  SELECT * FROM alter_rename_partition WHERE pcol1='old_part1:' and pcol2='old_part2:';
'col1','pcol1','pcol2'
No rows selected 
>>>  SELECT * FROM alter_rename_partition WHERE pcol1='new_part1:' and pcol2='new_part2:';
'col1','pcol1','pcol2'
'1','new_part1:','new_part2:'
'2','new_part1:','new_part2:'
'3','new_part1:','new_part2:'
'4','new_part1:','new_part2:'
'5','new_part1:','new_part2:'
'6','new_part1:','new_part2:'
6 rows selected 
>>>  !record
