Saving all output to "!!{outputDirectory}!!/alter4.q.raw". Enter "record" with no arguments to stop it.
>>>  !run !!{qFileDirectory}!!/alter4.q
>>>  CREATE TABLE set_bucketing_test (key INT, value STRING) CLUSTERED BY (key) INTO 10 BUCKETS;
No rows affected 
>>>  DESCRIBE EXTENDED set_bucketing_test;
'col_name','data_type','comment'
'key','int',''
'value','string',''
'','',''
'Detailed Table Information','Table(tableName:set_bucketing_test, dbName:default, owner:!!{user.name}!!, createTime:!!UNIXTIME!!, lastAccessTime:0, retention:0, sd:StorageDescriptor(cols:[FieldSchema(name:key, type:int, comment:null), FieldSchema(name:value, type:string, comment:null)], location:!!{hive.metastore.warehouse.dir}!!/set_bucketing_test, inputFormat:org.apache.hadoop.mapred.TextInputFormat, outputFormat:org.apache.hadoop.hive.ql.io.HiveIgnoreKeyTextOutputFormat, compressed:false, numBuckets:10, serdeInfo:SerDeInfo(name:null, serializationLib:org.apache.hadoop.hive.serde2.lazy.LazySimpleSerDe, parameters:{serialization.format=1}), bucketCols:[key], sortCols:[], parameters:{}), partitionKeys:[], parameters:{transient_lastDdlTime=!!UNIXTIME!!}, viewOriginalText:null, viewExpandedText:null, tableType:MANAGED_TABLE)',''
4 rows selected 
>>>  
>>>  ALTER TABLE set_bucketing_test NOT CLUSTERED;
No rows affected 
>>>  DESCRIBE EXTENDED set_bucketing_test;
'col_name','data_type','comment'
'key','int',''
'value','string',''
'','',''
'Detailed Table Information','Table(tableName:set_bucketing_test, dbName:default, owner:!!{user.name}!!, createTime:!!UNIXTIME!!, lastAccessTime:0, retention:0, sd:StorageDescriptor(cols:[FieldSchema(name:key, type:int, comment:null), FieldSchema(name:value, type:string, comment:null)], location:!!{hive.metastore.warehouse.dir}!!/set_bucketing_test, inputFormat:org.apache.hadoop.mapred.TextInputFormat, outputFormat:org.apache.hadoop.hive.ql.io.HiveIgnoreKeyTextOutputFormat, compressed:false, numBuckets:-1, serdeInfo:SerDeInfo(name:null, serializationLib:org.apache.hadoop.hive.serde2.lazy.LazySimpleSerDe, parameters:{serialization.format=1}), bucketCols:[], sortCols:[], parameters:{}), partitionKeys:[], parameters:{last_modified_by=!!ELIDED!!, last_modified_time=!!UNIXTIME!!, transient_lastDdlTime=!!UNIXTIME!!}, viewOriginalText:null, viewExpandedText:null, tableType:MANAGED_TABLE)',''
4 rows selected 
>>>  
>>>  -- Cleanup
>>>  DROP TABLE set_bucketing_test;
No rows affected 
>>>  SHOW TABLES;
'tab_name'
No rows selected 
>>>  
>>>  -- with non-default Database
>>>  
>>>  CREATE DATABASE alter4_db;
No rows affected 
>>>  USE alter4_db;
No rows affected 
>>>  SHOW TABLES;
'tab_name'
No rows selected 
>>>  
>>>  CREATE TABLE set_bucketing_test (key INT, value STRING) CLUSTERED BY (key) INTO 10 BUCKETS;
No rows affected 
>>>  DESCRIBE EXTENDED set_bucketing_test;
'col_name','data_type','comment'
'key','int',''
'value','string',''
'','',''
'Detailed Table Information','Table(tableName:set_bucketing_test, dbName:alter4_db, owner:!!{user.name}!!, createTime:!!UNIXTIME!!, lastAccessTime:0, retention:0, sd:StorageDescriptor(cols:[FieldSchema(name:key, type:int, comment:null), FieldSchema(name:value, type:string, comment:null)], location:!!{hive.metastore.warehouse.dir}!!/alter4_db.db/set_bucketing_test, inputFormat:org.apache.hadoop.mapred.TextInputFormat, outputFormat:org.apache.hadoop.hive.ql.io.HiveIgnoreKeyTextOutputFormat, compressed:false, numBuckets:10, serdeInfo:SerDeInfo(name:null, serializationLib:org.apache.hadoop.hive.serde2.lazy.LazySimpleSerDe, parameters:{serialization.format=1}), bucketCols:[key], sortCols:[], parameters:{}), partitionKeys:[], parameters:{transient_lastDdlTime=!!UNIXTIME!!}, viewOriginalText:null, viewExpandedText:null, tableType:MANAGED_TABLE)',''
4 rows selected 
>>>  
>>>  ALTER TABLE set_bucketing_test NOT CLUSTERED;
No rows affected 
>>>  DESCRIBE EXTENDED set_bucketing_test;
'col_name','data_type','comment'
'key','int',''
'value','string',''
'','',''
'Detailed Table Information','Table(tableName:set_bucketing_test, dbName:alter4_db, owner:!!{user.name}!!, createTime:!!UNIXTIME!!, lastAccessTime:0, retention:0, sd:StorageDescriptor(cols:[FieldSchema(name:key, type:int, comment:null), FieldSchema(name:value, type:string, comment:null)], location:!!{hive.metastore.warehouse.dir}!!/alter4_db.db/set_bucketing_test, inputFormat:org.apache.hadoop.mapred.TextInputFormat, outputFormat:org.apache.hadoop.hive.ql.io.HiveIgnoreKeyTextOutputFormat, compressed:false, numBuckets:-1, serdeInfo:SerDeInfo(name:null, serializationLib:org.apache.hadoop.hive.serde2.lazy.LazySimpleSerDe, parameters:{serialization.format=1}), bucketCols:[], sortCols:[], parameters:{}), partitionKeys:[], parameters:{last_modified_by=!!ELIDED!!, last_modified_time=!!UNIXTIME!!, transient_lastDdlTime=!!UNIXTIME!!}, viewOriginalText:null, viewExpandedText:null, tableType:MANAGED_TABLE)',''
4 rows selected 
>>>  
>>>  DROP TABLE set_bucketing_test;
No rows affected 
>>>  USE default;
No rows affected 
>>>  DROP DATABASE alter4_db;
No rows affected 
>>>  SHOW DATABASES;
'database_name'
'add_part_exist'
'alter1'
'alter2'
'alter3'
'alter5'
'alter_concatenate_indexed_table'
'alter_index'
'alter_merge'
'alter_merge_2'
'default'
10 rows selected 
>>>  !record
