Saving all output to "!!{outputDirectory}!!/create_nested_type.q.raw". Enter "record" with no arguments to stop it.
>>>  !run !!{qFileDirectory}!!/create_nested_type.q
>>>  
>>>  
>>>  CREATE TABLE table1 ( 
a STRING, 
b ARRAY<STRING>, 
c ARRAY<MAP<STRING,STRING>>, 
d MAP<STRING,ARRAY<STRING>> 
) STORED AS TEXTFILE;
No rows affected 
>>>  DESCRIBE table1;
'col_name','data_type','comment'
'a','string',''
'b','array<string>',''
'c','array<map<string,string>>',''
'd','map<string,array<string>>',''
4 rows selected 
>>>  DESCRIBE EXTENDED table1;
'col_name','data_type','comment'
'a','string',''
'b','array<string>',''
'c','array<map<string,string>>',''
'd','map<string,array<string>>',''
'','',''
'Detailed Table Information','Table(tableName:table1, dbName:create_nested_type, owner:!!{user.name}!!, createTime:!!UNIXTIME!!, lastAccessTime:0, retention:0, sd:StorageDescriptor(cols:[FieldSchema(name:a, type:string, comment:null), FieldSchema(name:b, type:array<string>, comment:null), FieldSchema(name:c, type:array<map<string,string>>, comment:null), FieldSchema(name:d, type:map<string,array<string>>, comment:null)], location:!!{hive.metastore.warehouse.dir}!!/create_nested_type.db/table1, inputFormat:org.apache.hadoop.mapred.TextInputFormat, outputFormat:org.apache.hadoop.hive.ql.io.HiveIgnoreKeyTextOutputFormat, compressed:false, numBuckets:-1, serdeInfo:SerDeInfo(name:null, serializationLib:org.apache.hadoop.hive.serde2.lazy.LazySimpleSerDe, parameters:{serialization.format=1}), bucketCols:[], sortCols:[], parameters:{}), partitionKeys:[], parameters:{transient_lastDdlTime=!!UNIXTIME!!}, viewOriginalText:null, viewExpandedText:null, tableType:MANAGED_TABLE)',''
6 rows selected 
>>>  
>>>  LOAD DATA LOCAL INPATH '../data/files/create_nested_type.txt' OVERWRITE INTO TABLE table1;
No rows affected 
>>>  
>>>  SELECT * from table1;
'a','b','c','d'
'a0','[b00, b01]','[{c001=C001, c002=C002}, {c012=C012, c011=null}]','{d02=[d021, d022], d01=[d011, d012]}'
'a1','[b10]','[{c001=C001, c002=C002}]','{d02=null, d01=[d011, d012]}'
'a2','[]','[{c001=null, c002=C002}, {c012=C012, c011=C011}]','{d02=[d021, d022], d01=[null, d012]}'
'a3','','',''
4 rows selected 
>>>  
>>>  
>>>  !record
