Saving all output to "!!{outputDirectory}!!/desc_non_existent_tbl.q.raw". Enter "record" with no arguments to stop it.
>>>  !run !!{qFileDirectory}!!/desc_non_existent_tbl.q
>>>  desc nonexistenttbl;
'col_name','data_type','comment'
'Table nonexistenttbl does not exist','',''
1 row selected 
>>>  !record
