Saving all output to "!!{outputDirectory}!!/input9.q.raw". Enter "record" with no arguments to stop it.
>>>  !run !!{qFileDirectory}!!/input9.q
>>>  CREATE TABLE dest1(value STRING, key INT) STORED AS TEXTFILE;
No rows affected 
>>>  
>>>  EXPLAIN 
FROM src1 
INSERT OVERWRITE TABLE dest1 SELECT NULL, src1.key where NULL = NULL;
'Explain'
'ABSTRACT SYNTAX TREE:'
'  (TOK_QUERY (TOK_FROM (TOK_TABREF (TOK_TABNAME src1))) (TOK_INSERT (TOK_DESTINATION (TOK_TAB (TOK_TABNAME dest1))) (TOK_SELECT (TOK_SELEXPR TOK_NULL) (TOK_SELEXPR (. (TOK_TABLE_OR_COL src1) key))) (TOK_WHERE (= TOK_NULL TOK_NULL))))'
''
'STAGE DEPENDENCIES:'
'  Stage-1 is a root stage'
'  Stage-5 depends on stages: Stage-1 , consists of Stage-4, Stage-3'
'  Stage-4'
'  Stage-0 depends on stages: Stage-4, Stage-3'
'  Stage-2 depends on stages: Stage-0'
'  Stage-3'
''
'STAGE PLANS:'
'  Stage: Stage-1'
'    Map Reduce'
'      Alias -> Map Operator Tree:'
'        src1 '
'          TableScan'
'            alias: src1'
'            Filter Operator'
'              predicate:'
'                  expr: (null = null)'
'                  type: boolean'
'              Select Operator'
'                expressions:'
'                      expr: null'
'                      type: string'
'                      expr: key'
'                      type: string'
'                outputColumnNames: _col0, _col1'
'                Select Operator'
'                  expressions:'
'                        expr: _col0'
'                        type: void'
'                        expr: UDFToInteger(_col1)'
'                        type: int'
'                  outputColumnNames: _col0, _col1'
'                  File Output Operator'
'                    compressed: false'
'                    GlobalTableId: 1'
'                    table:'
'                        input format: org.apache.hadoop.mapred.TextInputFormat'
'                        output format: org.apache.hadoop.hive.ql.io.HiveIgnoreKeyTextOutputFormat'
'                        serde: org.apache.hadoop.hive.serde2.lazy.LazySimpleSerDe'
'                        name: input9.dest1'
''
'  Stage: Stage-5'
'    Conditional Operator'
''
'  Stage: Stage-4'
'    Move Operator'
'      files:'
'          hdfs directory: true'
'          destination: pfile:!!{hive.exec.scratchdir}!!'
''
'  Stage: Stage-0'
'    Move Operator'
'      tables:'
'          replace: true'
'          table:'
'              input format: org.apache.hadoop.mapred.TextInputFormat'
'              output format: org.apache.hadoop.hive.ql.io.HiveIgnoreKeyTextOutputFormat'
'              serde: org.apache.hadoop.hive.serde2.lazy.LazySimpleSerDe'
'              name: input9.dest1'
''
'  Stage: Stage-2'
'    Stats-Aggr Operator'
''
'  Stage: Stage-3'
'    Map Reduce'
'      Alias -> Map Operator Tree:'
'        pfile:!!{hive.exec.scratchdir}!! '
'            File Output Operator'
'              compressed: false'
'              GlobalTableId: 0'
'              table:'
'                  input format: org.apache.hadoop.mapred.TextInputFormat'
'                  output format: org.apache.hadoop.hive.ql.io.HiveIgnoreKeyTextOutputFormat'
'                  serde: org.apache.hadoop.hive.serde2.lazy.LazySimpleSerDe'
'                  name: input9.dest1'
''
''
81 rows selected 
>>>  
>>>  FROM src1 
INSERT OVERWRITE TABLE dest1 SELECT NULL, src1.key where NULL = NULL;

No rows selected 
>>>  
>>>  SELECT dest1.* FROM dest1;
'value','key'
No rows selected 
>>>  
>>>  !record
