Saving all output to "!!{outputDirectory}!!/input_part4.q.raw". Enter "record" with no arguments to stop it.
>>>  !run !!{qFileDirectory}!!/input_part4.q
>>>  EXPLAIN 
SELECT x.* FROM SRCPART x WHERE x.ds = '2008-04-08' and x.hr = 15;
'Explain'
'ABSTRACT SYNTAX TREE:'
'  (TOK_QUERY (TOK_FROM (TOK_TABREF (TOK_TABNAME SRCPART) x)) (TOK_INSERT (TOK_DESTINATION (TOK_DIR TOK_TMP_FILE)) (TOK_SELECT (TOK_SELEXPR (TOK_ALLCOLREF (TOK_TABNAME x)))) (TOK_WHERE (and (= (. (TOK_TABLE_OR_COL x) ds) '2008-04-08') (= (. (TOK_TABLE_OR_COL x) hr) 15)))))'
''
'STAGE DEPENDENCIES:'
'  Stage-0 is a root stage'
''
'STAGE PLANS:'
'  Stage: Stage-0'
'    Fetch Operator'
'      limit: -1'
''
''
12 rows selected 
>>>  
>>>  SELECT x.* FROM SRCPART x WHERE x.ds = '2008-04-08' and x.hr = 15;
'key','value','ds','hr'
No rows selected 
>>>  !record
