Saving all output to "!!{outputDirectory}!!/input46.q.raw". Enter "record" with no arguments to stop it.
>>>  !run !!{qFileDirectory}!!/input46.q
>>>  create database if not exists table_in_database_creation;
No rows affected 
>>>  create table table_in_database_creation.test1  as select * from src limit 1;
'key','value'
No rows selected 
>>>  create table `table_in_database_creation.test2` as select * from src limit 1;
'key','value'
No rows selected 
>>>  create table table_in_database_creation.test3 (a string);
No rows affected 
>>>  create table `table_in_database_creation.test4` (a string);
No rows affected 
>>>  drop database table_in_database_creation cascade;
No rows affected 
>>>  !record
