Saving all output to "!!{outputDirectory}!!/join_thrift.q.raw". Enter "record" with no arguments to stop it.
>>>  !run !!{qFileDirectory}!!/join_thrift.q
>>>  DESCRIBE src_thrift;
'col_name','data_type','comment'
'aint','int','from deserializer'
'astring','string','from deserializer'
'lint','array<int>','from deserializer'
'lstring','array<string>','from deserializer'
'lintstring','array<struct<myint:int,mystring:string,underscore_int:int>>','from deserializer'
'mstringstring','map<string,string>','from deserializer'
6 rows selected 
>>>  
>>>  EXPLAIN 
SELECT s1.aint, s2.lintstring 
FROM src_thrift s1 
JOIN src_thrift s2 
ON s1.aint = s2.aint;
'Explain'
'ABSTRACT SYNTAX TREE:'
'  (TOK_QUERY (TOK_FROM (TOK_JOIN (TOK_TABREF (TOK_TABNAME src_thrift) s1) (TOK_TABREF (TOK_TABNAME src_thrift) s2) (= (. (TOK_TABLE_OR_COL s1) aint) (. (TOK_TABLE_OR_COL s2) aint)))) (TOK_INSERT (TOK_DESTINATION (TOK_DIR TOK_TMP_FILE)) (TOK_SELECT (TOK_SELEXPR (. (TOK_TABLE_OR_COL s1) aint)) (TOK_SELEXPR (. (TOK_TABLE_OR_COL s2) lintstring)))))'
''
'STAGE DEPENDENCIES:'
'  Stage-1 is a root stage'
'  Stage-0 is a root stage'
''
'STAGE PLANS:'
'  Stage: Stage-1'
'    Map Reduce'
'      Alias -> Map Operator Tree:'
'        s1 '
'          TableScan'
'            alias: s1'
'            Reduce Output Operator'
'              key expressions:'
'                    expr: aint'
'                    type: int'
'              sort order: +'
'              Map-reduce partition columns:'
'                    expr: aint'
'                    type: int'
'              tag: 0'
'              value expressions:'
'                    expr: aint'
'                    type: int'
'        s2 '
'          TableScan'
'            alias: s2'
'            Reduce Output Operator'
'              key expressions:'
'                    expr: aint'
'                    type: int'
'              sort order: +'
'              Map-reduce partition columns:'
'                    expr: aint'
'                    type: int'
'              tag: 1'
'              value expressions:'
'                    expr: lintstring'
'                    type: array<struct<myint:int,mystring:string,underscore_int:int>>'
'      Reduce Operator Tree:'
'        Join Operator'
'          condition map:'
'               Inner Join 0 to 1'
'          condition expressions:'
'            0 {VALUE._col0}'
'            1 {VALUE._col4}'
'          handleSkewJoin: false'
'          outputColumnNames: _col0, _col12'
'          Select Operator'
'            expressions:'
'                  expr: _col0'
'                  type: int'
'                  expr: _col12'
'                  type: array<struct<myint:int,mystring:string,underscore_int:int>>'
'            outputColumnNames: _col0, _col1'
'            File Output Operator'
'              compressed: false'
'              GlobalTableId: 0'
'              table:'
'                  input format: org.apache.hadoop.mapred.TextInputFormat'
'                  output format: org.apache.hadoop.hive.ql.io.HiveIgnoreKeyTextOutputFormat'
''
'  Stage: Stage-0'
'    Fetch Operator'
'      limit: -1'
''
''
69 rows selected 
>>>  
>>>  SELECT s1.aint, s2.lintstring 
FROM src_thrift s1 
JOIN src_thrift s2 
ON s1.aint = s2.aint;
'aint','lintstring'
'-1952710710','[[25, 125, 5]]'
'-1461153973','[[49, 343, 7]]'
'-751827638','[[4, 8, 2]]'
'-734328909','[[16, 64, 4]]'
'0',''
'336964413','[[81, 729, 9]]'
'465985200','[[1, 1, 1]]'
'477111222','[[9, 27, 3]]'
'1244525190','[[36, 216, 6]]'
'1638581578','[[64, 512, 8]]'
'1712634731','[[0, 0, 0]]'
11 rows selected 
>>>  !record
