Saving all output to "!!{outputDirectory}!!/stats13.q.raw". Enter "record" with no arguments to stop it.
>>>  !run !!{qFileDirectory}!!/stats13.q
>>>  set datanucleus.cache.collections=false;
No rows affected 
>>>  set hive.stats.autogather=false;
No rows affected 
>>>  set hive.exec.dynamic.partition=true;
No rows affected 
>>>  set hive.exec.dynamic.partition.mode=nonstrict;
No rows affected 
>>>  
>>>  create table analyze_srcpart like srcpart;
No rows affected 
>>>  insert overwrite table analyze_srcpart partition (ds, hr) select * from srcpart where ds is not null;
'key','value','ds','hr'
No rows selected 
>>>  
>>>  explain extended 
analyze table analyze_srcpart PARTITION(ds='2008-04-08',hr=11) compute statistics;
'Explain'
'ABSTRACT SYNTAX TREE:'
'  (TOK_ANALYZE (TOK_TAB (TOK_TABNAME analyze_srcpart) (TOK_PARTSPEC (TOK_PARTVAL ds '2008-04-08') (TOK_PARTVAL hr 11))))'
''
'STAGE DEPENDENCIES:'
'  Stage-0 is a root stage'
'  Stage-1 depends on stages: Stage-0'
''
'STAGE PLANS:'
'  Stage: Stage-0'
'    Map Reduce'
'      Alias -> Map Operator Tree:'
'        analyze_srcpart '
'          TableScan'
'            alias: analyze_srcpart'
'            Statistics Aggregation Key Prefix: analyze_srcpart/'
'            GatherStats: true'
'      Needs Tagging: false'
'      Path -> Alias:'
'        !!{hive.metastore.warehouse.dir}!!/stats13.db/analyze_srcpart/ds=2008-04-08/hr=11 [analyze_srcpart]'
'      Path -> Partition:'
'        !!{hive.metastore.warehouse.dir}!!/stats13.db/analyze_srcpart/ds=2008-04-08/hr=11 '
'          Partition'
'            base file name: hr=11'
'            input format: org.apache.hadoop.mapred.TextInputFormat'
'            output format: org.apache.hadoop.hive.ql.io.HiveIgnoreKeyTextOutputFormat'
'            partition values:'
'              ds 2008-04-08'
'              hr 11'
'            properties:'
'              bucket_count -1'
'              columns key,value'
'              columns.types string:string'
'              file.inputformat org.apache.hadoop.mapred.TextInputFormat'
'              file.outputformat org.apache.hadoop.hive.ql.io.HiveIgnoreKeyTextOutputFormat'
'              location !!{hive.metastore.warehouse.dir}!!/stats13.db/analyze_srcpart/ds=2008-04-08/hr=11'
'              name stats13.analyze_srcpart'
'              partition_columns ds/hr'
'              serialization.ddl struct analyze_srcpart { string key, string value}'
'              serialization.format 1'
'              serialization.lib org.apache.hadoop.hive.serde2.lazy.LazySimpleSerDe'
'              transient_lastDdlTime !!UNIXTIME!!'
'            serde: org.apache.hadoop.hive.serde2.lazy.LazySimpleSerDe'
'          '
'              input format: org.apache.hadoop.mapred.TextInputFormat'
'              output format: org.apache.hadoop.hive.ql.io.HiveIgnoreKeyTextOutputFormat'
'              properties:'
'                bucket_count -1'
'                columns key,value'
'                columns.types string:string'
'                file.inputformat org.apache.hadoop.mapred.TextInputFormat'
'                file.outputformat org.apache.hadoop.hive.ql.io.HiveIgnoreKeyTextOutputFormat'
'                location !!{hive.metastore.warehouse.dir}!!/stats13.db/analyze_srcpart'
'                name stats13.analyze_srcpart'
'                partition_columns ds/hr'
'                serialization.ddl struct analyze_srcpart { string key, string value}'
'                serialization.format 1'
'                serialization.lib org.apache.hadoop.hive.serde2.lazy.LazySimpleSerDe'
'                transient_lastDdlTime !!UNIXTIME!!'
'              serde: org.apache.hadoop.hive.serde2.lazy.LazySimpleSerDe'
'              name: stats13.analyze_srcpart'
'            name: stats13.analyze_srcpart'
''
'  Stage: Stage-1'
'    Stats-Aggr Operator'
'      Stats Aggregation Key Prefix: analyze_srcpart/'
''
''
67 rows selected 
>>>  
>>>  analyze table analyze_srcpart PARTITION(ds='2008-04-08',hr=11) compute statistics;
'key','value','ds','hr'
No rows selected 
>>>  
>>>  desc extended analyze_srcpart;
'col_name','data_type','comment'
'key','string',''
'value','string',''
'ds','string',''
'hr','string',''
'','',''
'Detailed Table Information','Table(tableName:analyze_srcpart, dbName:stats13, owner:!!{user.name}!!, createTime:!!UNIXTIME!!, lastAccessTime:0, retention:0, sd:StorageDescriptor(cols:[FieldSchema(name:key, type:string, comment:null), FieldSchema(name:value, type:string, comment:null), FieldSchema(name:ds, type:string, comment:null), FieldSchema(name:hr, type:string, comment:null)], location:!!{hive.metastore.warehouse.dir}!!/stats13.db/analyze_srcpart, inputFormat:org.apache.hadoop.mapred.TextInputFormat, outputFormat:org.apache.hadoop.hive.ql.io.HiveIgnoreKeyTextOutputFormat, compressed:false, numBuckets:-1, serdeInfo:SerDeInfo(name:null, serializationLib:org.apache.hadoop.hive.serde2.lazy.LazySimpleSerDe, parameters:{serialization.format=1}), bucketCols:[], sortCols:[], parameters:{}), partitionKeys:[FieldSchema(name:ds, type:string, comment:null), FieldSchema(name:hr, type:string, comment:null)], parameters:{transient_lastDdlTime=!!UNIXTIME!!}, viewOriginalText:null, viewExpandedText:null, tableType:MANAGED_TABLE)',''
6 rows selected 
>>>  desc extended analyze_srcpart partition (ds='2008-04-08', hr=11);
'col_name','data_type','comment'
'key','string',''
'value','string',''
'ds','string',''
'hr','string',''
'','',''
'Detailed Partition Information','Partition(values:[2008-04-08, 11], dbName:stats13, tableName:analyze_srcpart, createTime:!!UNIXTIME!!, lastAccessTime:0, sd:StorageDescriptor(cols:[FieldSchema(name:key, type:string, comment:null), FieldSchema(name:value, type:string, comment:null), FieldSchema(name:ds, type:string, comment:null), FieldSchema(name:hr, type:string, comment:null)], location:!!{hive.metastore.warehouse.dir}!!/stats13.db/analyze_srcpart/ds=2008-04-08/hr=11, inputFormat:org.apache.hadoop.mapred.TextInputFormat, outputFormat:org.apache.hadoop.hive.ql.io.HiveIgnoreKeyTextOutputFormat, compressed:false, numBuckets:-1, serdeInfo:SerDeInfo(name:null, serializationLib:org.apache.hadoop.hive.serde2.lazy.LazySimpleSerDe, parameters:{serialization.format=1}), bucketCols:[], sortCols:[], parameters:{}), parameters:{transient_lastDdlTime=!!UNIXTIME!!})',''
6 rows selected 
>>>  desc extended analyze_srcpart partition (ds='2008-04-08', hr=12);
'col_name','data_type','comment'
'key','string',''
'value','string',''
'ds','string',''
'hr','string',''
'','',''
'Detailed Partition Information','Partition(values:[2008-04-08, 12], dbName:stats13, tableName:analyze_srcpart, createTime:!!UNIXTIME!!, lastAccessTime:0, sd:StorageDescriptor(cols:[FieldSchema(name:key, type:string, comment:null), FieldSchema(name:value, type:string, comment:null), FieldSchema(name:ds, type:string, comment:null), FieldSchema(name:hr, type:string, comment:null)], location:!!{hive.metastore.warehouse.dir}!!/stats13.db/analyze_srcpart/ds=2008-04-08/hr=12, inputFormat:org.apache.hadoop.mapred.TextInputFormat, outputFormat:org.apache.hadoop.hive.ql.io.HiveIgnoreKeyTextOutputFormat, compressed:false, numBuckets:-1, serdeInfo:SerDeInfo(name:null, serializationLib:org.apache.hadoop.hive.serde2.lazy.LazySimpleSerDe, parameters:{serialization.format=1}), bucketCols:[], sortCols:[], parameters:{}), parameters:{transient_lastDdlTime=!!UNIXTIME!!})',''
6 rows selected 
>>>  desc extended analyze_srcpart partition (ds='2008-04-09', hr=11);
'col_name','data_type','comment'
'key','string',''
'value','string',''
'ds','string',''
'hr','string',''
'','',''
'Detailed Partition Information','Partition(values:[2008-04-09, 11], dbName:stats13, tableName:analyze_srcpart, createTime:!!UNIXTIME!!, lastAccessTime:0, sd:StorageDescriptor(cols:[FieldSchema(name:key, type:string, comment:null), FieldSchema(name:value, type:string, comment:null), FieldSchema(name:ds, type:string, comment:null), FieldSchema(name:hr, type:string, comment:null)], location:!!{hive.metastore.warehouse.dir}!!/stats13.db/analyze_srcpart/ds=2008-04-09/hr=11, inputFormat:org.apache.hadoop.mapred.TextInputFormat, outputFormat:org.apache.hadoop.hive.ql.io.HiveIgnoreKeyTextOutputFormat, compressed:false, numBuckets:-1, serdeInfo:SerDeInfo(name:null, serializationLib:org.apache.hadoop.hive.serde2.lazy.LazySimpleSerDe, parameters:{serialization.format=1}), bucketCols:[], sortCols:[], parameters:{}), parameters:{transient_lastDdlTime=!!UNIXTIME!!})',''
6 rows selected 
>>>  desc extended analyze_srcpart partition (ds='2008-04-09', hr=12);
'col_name','data_type','comment'
'key','string',''
'value','string',''
'ds','string',''
'hr','string',''
'','',''
'Detailed Partition Information','Partition(values:[2008-04-09, 12], dbName:stats13, tableName:analyze_srcpart, createTime:!!UNIXTIME!!, lastAccessTime:0, sd:StorageDescriptor(cols:[FieldSchema(name:key, type:string, comment:null), FieldSchema(name:value, type:string, comment:null), FieldSchema(name:ds, type:string, comment:null), FieldSchema(name:hr, type:string, comment:null)], location:!!{hive.metastore.warehouse.dir}!!/stats13.db/analyze_srcpart/ds=2008-04-09/hr=12, inputFormat:org.apache.hadoop.mapred.TextInputFormat, outputFormat:org.apache.hadoop.hive.ql.io.HiveIgnoreKeyTextOutputFormat, compressed:false, numBuckets:-1, serdeInfo:SerDeInfo(name:null, serializationLib:org.apache.hadoop.hive.serde2.lazy.LazySimpleSerDe, parameters:{serialization.format=1}), bucketCols:[], sortCols:[], parameters:{}), parameters:{transient_lastDdlTime=!!UNIXTIME!!})',''
6 rows selected 
>>>  
>>>  create table analyze_srcpart2 like analyze_srcpart;
No rows affected 
>>>  
>>>  desc extended analyze_srcpart2;
'col_name','data_type','comment'
'key','string',''
'value','string',''
'ds','string',''
'hr','string',''
'','',''
'Detailed Table Information','Table(tableName:analyze_srcpart2, dbName:stats13, owner:!!{user.name}!!, createTime:!!UNIXTIME!!, lastAccessTime:0, retention:0, sd:StorageDescriptor(cols:[FieldSchema(name:key, type:string, comment:null), FieldSchema(name:value, type:string, comment:null), FieldSchema(name:ds, type:string, comment:null), FieldSchema(name:hr, type:string, comment:null)], location:!!{hive.metastore.warehouse.dir}!!/stats13.db/analyze_srcpart2, inputFormat:org.apache.hadoop.mapred.TextInputFormat, outputFormat:org.apache.hadoop.hive.ql.io.HiveIgnoreKeyTextOutputFormat, compressed:false, numBuckets:-1, serdeInfo:SerDeInfo(name:null, serializationLib:org.apache.hadoop.hive.serde2.lazy.LazySimpleSerDe, parameters:{serialization.format=1}), bucketCols:[], sortCols:[], parameters:{}), partitionKeys:[FieldSchema(name:ds, type:string, comment:null), FieldSchema(name:hr, type:string, comment:null)], parameters:{transient_lastDdlTime=!!UNIXTIME!!}, viewOriginalText:null, viewExpandedText:null, tableType:MANAGED_TABLE)',''
6 rows selected 
>>>  !record
