Saving all output to "!!{outputDirectory}!!/stats9.q.raw". Enter "record" with no arguments to stop it.
>>>  !run !!{qFileDirectory}!!/stats9.q
>>>  set datanucleus.cache.collections=false;
No rows affected 
>>>  set hive.stats.autogather=false;
No rows affected 
>>>  
>>>  create table analyze_srcbucket like srcbucket;
No rows affected 
>>>  insert overwrite table analyze_srcbucket select * from srcbucket;
'key','value'
No rows selected 
>>>  
>>>  explain analyze table analyze_srcbucket compute statistics;
'Explain'
'ABSTRACT SYNTAX TREE:'
'  (TOK_ANALYZE (TOK_TAB (TOK_TABNAME analyze_srcbucket)))'
''
'STAGE DEPENDENCIES:'
'  Stage-0 is a root stage'
'  Stage-1 depends on stages: Stage-0'
''
'STAGE PLANS:'
'  Stage: Stage-0'
'    Map Reduce'
'      Alias -> Map Operator Tree:'
'        analyze_srcbucket '
'          TableScan'
'            alias: analyze_srcbucket'
''
'  Stage: Stage-1'
'    Stats-Aggr Operator'
''
''
19 rows selected 
>>>  analyze table analyze_srcbucket compute statistics;
'key','value'
No rows selected 
>>>  describe extended analyze_srcbucket;
'col_name','data_type','comment'
'key','int',''
'value','string',''
'','',''
'Detailed Table Information','Table(tableName:analyze_srcbucket, dbName:stats9, owner:!!{user.name}!!, createTime:!!UNIXTIME!!, lastAccessTime:0, retention:0, sd:StorageDescriptor(cols:[FieldSchema(name:key, type:int, comment:null), FieldSchema(name:value, type:string, comment:null)], location:!!{hive.metastore.warehouse.dir}!!/stats9.db/analyze_srcbucket, inputFormat:org.apache.hadoop.mapred.TextInputFormat, outputFormat:org.apache.hadoop.hive.ql.io.HiveIgnoreKeyTextOutputFormat, compressed:false, numBuckets:2, serdeInfo:SerDeInfo(name:null, serializationLib:org.apache.hadoop.hive.serde2.lazy.LazySimpleSerDe, parameters:{serialization.format=1}), bucketCols:[key], sortCols:[], parameters:{}), partitionKeys:[], parameters:{numPartitions=0, numFiles=1, transient_lastDdlTime=!!UNIXTIME!!, numRows=1000, totalSize=11603, rawDataSize=10603}, viewOriginalText:null, viewExpandedText:null, tableType:MANAGED_TABLE)',''
4 rows selected 
>>>  !record
