Saving all output to "!!{outputDirectory}!!/transform1.q.raw". Enter "record" with no arguments to stop it.
>>>  !run !!{qFileDirectory}!!/transform1.q
>>>  
>>>  create table transform1_t1(a string, b string);
No rows affected 
>>>  
>>>  EXPLAIN 
SELECT transform(*) USING 'cat' AS (col array<bigint>) FROM transform1_t1;
'Explain'
'ABSTRACT SYNTAX TREE:'
'  (TOK_QUERY (TOK_FROM (TOK_TABREF (TOK_TABNAME transform1_t1))) (TOK_INSERT (TOK_DESTINATION (TOK_DIR TOK_TMP_FILE)) (TOK_SELECT (TOK_SELEXPR (TOK_TRANSFORM (TOK_EXPLIST TOK_ALLCOLREF) TOK_SERDE TOK_RECORDWRITER 'cat' TOK_SERDE TOK_RECORDREADER (TOK_TABCOLLIST (TOK_TABCOL col (TOK_LIST TOK_BIGINT))))))))'
''
'STAGE DEPENDENCIES:'
'  Stage-1 is a root stage'
'  Stage-0 is a root stage'
''
'STAGE PLANS:'
'  Stage: Stage-1'
'    Map Reduce'
'      Alias -> Map Operator Tree:'
'        transform1_t1 '
'          TableScan'
'            alias: transform1_t1'
'            Select Operator'
'              expressions:'
'                    expr: a'
'                    type: string'
'                    expr: b'
'                    type: string'
'              outputColumnNames: _col0, _col1'
'              Transform Operator'
'                command: cat'
'                output info:'
'                    input format: org.apache.hadoop.mapred.TextInputFormat'
'                    output format: org.apache.hadoop.hive.ql.io.HiveIgnoreKeyTextOutputFormat'
'                File Output Operator'
'                  compressed: false'
'                  GlobalTableId: 0'
'                  table:'
'                      input format: org.apache.hadoop.mapred.TextInputFormat'
'                      output format: org.apache.hadoop.hive.ql.io.HiveIgnoreKeyTextOutputFormat'
''
'  Stage: Stage-0'
'    Fetch Operator'
'      limit: -1'
''
''
38 rows selected 
>>>  
>>>  SELECT transform(*) USING 'cat' AS (col array<bigint>) FROM transform1_t1;
'col'
No rows selected 
>>>  
>>>  
>>>  
>>>  
>>>  create table transform1_t2(col array<int>);
No rows affected 
>>>  
>>>  insert overwrite table transform1_t2 
select array(1,2,3) from src limit 1;
'_c0'
No rows selected 
>>>  
>>>  EXPLAIN 
SELECT transform('0\0021\0022') USING 'cat' AS (col array<int>) FROM transform1_t2;
'Explain'
'ABSTRACT SYNTAX TREE:'
'  (TOK_QUERY (TOK_FROM (TOK_TABREF (TOK_TABNAME transform1_t2))) (TOK_INSERT (TOK_DESTINATION (TOK_DIR TOK_TMP_FILE)) (TOK_SELECT (TOK_SELEXPR (TOK_TRANSFORM (TOK_EXPLIST '0\0021\0022') TOK_SERDE TOK_RECORDWRITER 'cat' TOK_SERDE TOK_RECORDREADER (TOK_TABCOLLIST (TOK_TABCOL col (TOK_LIST TOK_INT))))))))'
''
'STAGE DEPENDENCIES:'
'  Stage-1 is a root stage'
'  Stage-0 is a root stage'
''
'STAGE PLANS:'
'  Stage: Stage-1'
'    Map Reduce'
'      Alias -> Map Operator Tree:'
'        transform1_t2 '
'          TableScan'
'            alias: transform1_t2'
'            Select Operator'
'              expressions:'
'                    expr: '012''
'                    type: string'
'              outputColumnNames: _col0'
'              Transform Operator'
'                command: cat'
'                output info:'
'                    input format: org.apache.hadoop.mapred.TextInputFormat'
'                    output format: org.apache.hadoop.hive.ql.io.HiveIgnoreKeyTextOutputFormat'
'                File Output Operator'
'                  compressed: false'
'                  GlobalTableId: 0'
'                  table:'
'                      input format: org.apache.hadoop.mapred.TextInputFormat'
'                      output format: org.apache.hadoop.hive.ql.io.HiveIgnoreKeyTextOutputFormat'
''
'  Stage: Stage-0'
'    Fetch Operator'
'      limit: -1'
''
''
36 rows selected 
>>>  
>>>  SELECT transform('0\0021\0022') USING 'cat' AS (col array<int>) FROM transform1_t2;
'col'
'[0, 1, 2]'
1 row selected 
>>>  
>>>  
>>>  
>>>  !record
