Saving all output to "!!{outputDirectory}!!/udaf_histogram_numeric.q.raw". Enter "record" with no arguments to stop it.
>>>  !run !!{qFileDirectory}!!/udaf_histogram_numeric.q
>>>  
>>>  SELECT histogram_numeric(cast(substr(src.value,5) AS double), 2) FROM src;
'_c0'
'[[135.0284552845532, 246.0], [381.39370078740143, 254.0]]'
1 row selected 
>>>  SELECT histogram_numeric(cast(substr(src.value,5) AS double), 3) FROM src;
'_c0'
'[[96.7349397590361, 166.0], [257.14970059880255, 167.0], [425.6826347305388, 167.0]]'
1 row selected 
>>>  SELECT histogram_numeric(cast(substr(src.value,5) AS double), 20) FROM src;
'_c0'
'[[9.761904761904763, 21.0], [33.84210526315789, 19.0], [62.75000000000001, 20.0], [90.90322580645162, 31.0], [122.91666666666667, 24.0], [146.33333333333334, 21.0], [170.70967741935485, 31.0], [194.3571428571428, 28.0], [214.84615384615384, 26.0], [235.08695652173907, 23.0], [257.80000000000007, 15.0], [281.0333333333333, 30.0], [298.0, 1.0], [313.0000000000001, 29.0], [339.5925925925926, 27.0], [372.49999999999983, 24.0], [402.23684210526324, 38.0], [430.6896551724138, 29.0], [462.32352941176464, 34.0], [487.72413793103453, 29.0]]'
1 row selected 
>>>  SELECT histogram_numeric(cast(substr(src.value,5) AS double), 200) FROM src;
'_c0'
'[[0.0, 3.0], [2.0, 1.0], [4.75, 4.0], [8.0, 1.0], [9.5, 2.0], [11.666666666666666, 3.0], [15.0, 2.0], [17.666666666666664, 3.0], [19.5, 2.0], [24.0, 2.0], [26.333333333333336, 3.0], [28.0, 1.0], [30.0, 1.0], [33.0, 1.0], [34.75, 4.0], [37.0, 2.0], [41.666666666666664, 3.0], [43.5, 2.0], [47.0, 1.0], [51.0, 2.0], [53.5, 2.0], [57.666666666666664, 3.0], [64.5, 2.0], [66.66666666666666, 3.0], [69.75, 4.0], [72.0, 2.0], [74.0, 1.0], [76.33333333333333, 3.0], [78.0, 1.0], [80.0, 1.0], [82.0, 1.0], [83.5, 4.0], [85.5, 2.0], [87.0, 1.0], [90.0, 3.0], [92.0, 1.0], [95.33333333333333, 3.0], [97.5, 4.0], [100.0, 2.0], [103.5, 4.0], [105.0, 1.0], [111.0, 1.0], [113.33333333333333, 3.0], [116.0, 1.0], [118.0, 2.0], [119.4, 5.0], [125.33333333333333, 3.0], [128.4, 5.0], [131.0, 1.0], [133.66666666666666, 3.0], [136.66666666666666, 3.0], [138.0, 4.0], [143.0, 1.0], [145.66666666666666, 3.0], [149.33333333333331, 3.0], [152.33333333333334, 3.0], [155.5, 2.0], [157.5, 2.0], [160.0, 1.0], [162.5, 2.0], [164.5, 4.0], [166.75, 4.0], [168.8, 5.0], [170.0, 1.0], [172.0, 2.0], [174.5, 4.0], [176.33333333333331, 3.0], [178.0, 1.0], [179.33333333333331, 3.0], [181.0, 1.0], [183.0, 1.0], [186.75, 4.0], [189.0, 1.0], [190.66666666666666, 3.0], [192.75, 4.0], [194.0, 1.0], [195.33333333333331, 3.0], [197.0, 2.0], [199.4, 5.0], [201.0, 1.0], [202.66666666666669, 3.0], [205.0, 2.0], [207.0, 2.0], [208.40000000000003, 5.0], [213.33333333333331, 3.0], [216.0, 2.0], [217.33333333333331, 3.0], [219.0, 2.0], [221.33333333333331, 3.0], [223.5, 4.0], [226.0, 1.0], [228.66666666666663, 3.0], [230.0, 5.0], [233.0, 2.0], [235.0, 1.0], [237.5, 4.0], [239.0, 2.0], [241.66666666666669, 3.0], [244.0, 1.0], [247.5, 2.0], [249.0, 1.0], [252.0, 1.0], [255.5, 4.0], [257.5, 2.0], [260.0, 1.0], [262.5, 2.0], [265.3333333333333, 3.0], [272.6, 5.0], [274.5, 2.0], [277.3333333333333, 6.0], [280.0, 2.0], [281.5, 4.0], [283.5, 2.0], [285.0, 1.0], [286.5, 2.0], [288.3333333333333, 3.0], [291.5, 2.0], [296.0, 1.0], [298.0, 3.0], [302.0, 1.0], [305.5, 2.0], [307.3333333333333, 3.0], [309.0, 2.0], [310.75, 4.0], [315.75, 4.0], [317.6, 5.0], [321.5, 4.0], [323.0, 1.0], [325.0, 2.0], [327.0, 3.0], [331.3333333333333, 3.0], [333.0, 2.0], [335.5, 2.0], [338.5, 2.0], [341.66666666666663, 3.0], [344.3333333333333, 3.0], [348.0, 5.0], [351.0, 1.0], [353.0, 2.0], [356.0, 1.0], [360.0, 1.0], [362.0, 1.0], [364.5, 2.0], [366.66666666666663, 3.0], [368.75, 4.0], [373.5, 2.0], [375.0, 1.0], [377.5, 2.0], [379.0, 1.0], [382.0, 2.0], [384.0, 3.0], [386.0, 1.0], [389.0, 1.0], [392.0, 1.0], [393.5, 2.0], [395.6, 5.0], [397.0, 2.0], [399.0, 2.0], [400.0, 1.0], [401.16666666666663, 6.0], [403.40000000000003, 5.0], [406.20000000000005, 5.0], [409.0, 3.0], [411.0, 1.0], [413.5, 4.0], [417.0, 3.0], [418.5, 2.0], [421.0, 1.0], [424.0, 2.0], [427.0, 1.0], [429.6, 5.0], [431.25, 4.0], [435.5, 2.0], [437.75, 4.0], [439.0, 2.0], [443.5, 2.0], [446.0, 1.0], [448.5, 2.0], [452.5, 2.0], [454.24999999999994, 4.0], [457.66666666666663, 3.0], [459.33333333333337, 3.0], [462.5, 4.0], [466.0, 3.0], [467.80000000000007, 5.0], [469.16666666666663, 6.0], [472.0, 1.0], [475.0, 1.0], [477.0, 1.0], [478.33333333333326, 3.0], [480.25, 4.0], [482.5, 2.0], [484.5, 2.0], [487.0, 1.0], [489.2, 5.0], [491.66666666666663, 3.0], [493.0, 1.0], [494.5, 2.0], [496.0, 1.0], [497.75, 4.0]]'
1 row selected 
>>>  !record
