Saving all output to "!!{outputDirectory}!!/udaf_percentile_approx.q.raw". Enter "record" with no arguments to stop it.
>>>  !run !!{qFileDirectory}!!/udaf_percentile_approx.q
>>>  
>>>  set mapred.reduce.tasks=4 
set hive.exec.reducers.max=4 
SELECT percentile_approx(cast(substr(src.value,5) AS double), 0.5) FROM src;
No rows affected 
>>>  SELECT percentile_approx(cast(substr(src.value,5) AS double), 0.5, 100) FROM src;
'_c0'
'252.77777777777777'
1 row selected 
>>>  SELECT percentile_approx(cast(substr(src.value,5) AS double), 0.5, 1000) FROM src;
'_c0'
'255.5'
1 row selected 
>>>  
>>>  SELECT percentile_approx(cast(substr(src.value,5) AS int), 0.5) FROM src;
'_c0'
'255.5'
1 row selected 
>>>  SELECT percentile_approx(cast(substr(src.value,5) AS int), 0.5, 100) FROM src;
'_c0'
'252.77777777777777'
1 row selected 
>>>  SELECT percentile_approx(cast(substr(src.value,5) AS int), 0.5, 1000) FROM src;
'_c0'
'255.5'
1 row selected 
>>>  
>>>  SELECT percentile_approx(cast(substr(src.value,5) AS double), array(0.05,0.5,0.95,0.98)) FROM src;
'_c0'
'[26.0, 255.5, 479.0, 491.0]'
1 row selected 
>>>  SELECT percentile_approx(cast(substr(src.value,5) AS double), array(0.05,0.5,0.95,0.98), 100) FROM src;
'_c0'
'[24.07, 252.77777777777777, 476.9444444444444, 487.82]'
1 row selected 
>>>  SELECT percentile_approx(cast(substr(src.value,5) AS double), array(0.05,0.5,0.95,0.98), 1000) FROM src;
'_c0'
'[26.0, 255.5, 479.0, 491.0]'
1 row selected 
>>>  
>>>  SELECT percentile_approx(cast(substr(src.value,5) AS int), array(0.05,0.5,0.95,0.98)) FROM src;
'_c0'
'[26.0, 255.5, 479.0, 491.0]'
1 row selected 
>>>  SELECT percentile_approx(cast(substr(src.value,5) AS int), array(0.05,0.5,0.95,0.98), 100) FROM src;
'_c0'
'[24.07, 252.77777777777777, 476.9444444444444, 487.82]'
1 row selected 
>>>  SELECT percentile_approx(cast(substr(src.value,5) AS int), array(0.05,0.5,0.95,0.98), 1000) FROM src;
'_c0'
'[26.0, 255.5, 479.0, 491.0]'
1 row selected 
>>>  !record
