Saving all output to "!!{outputDirectory}!!/udf_bitmap_or.q.raw". Enter "record" with no arguments to stop it.
>>>  !run !!{qFileDirectory}!!/udf_bitmap_or.q
>>>  select ewah_bitmap_or(array(13,2,4,8589934592,4096,0), array(13,2,4,8589934592,4096,0)) from src limit 1;
'_c0'
'[13, 2, 4, 8589934592, 4096, 0]'
1 row selected 
>>>  select ewah_bitmap_or(array(13,2,4,8589934592,4096,0), array(8,2,4,8589934592,128,0)) from src limit 1;
'_c0'
'[13, 2, 4, 8589934592, 4224, 0]'
1 row selected 
>>>  
>>>  drop table bitmap_test;
No rows affected 
>>>  create table bitmap_test (a array<bigint>, b array<bigint>);
No rows affected 
>>>  
>>>  insert overwrite table bitmap_test 
select array(13,2,4,8589934592,4096,0), array(8,2,4,8589934592,128,0) from src limit 10;
'_c0','_c1'
No rows selected 
>>>  
>>>  select ewah_bitmap_or(a,b) from bitmap_test;
'_c0'
'[13, 2, 4, 8589934592, 4224, 0]'
'[13, 2, 4, 8589934592, 4224, 0]'
'[13, 2, 4, 8589934592, 4224, 0]'
'[13, 2, 4, 8589934592, 4224, 0]'
'[13, 2, 4, 8589934592, 4224, 0]'
'[13, 2, 4, 8589934592, 4224, 0]'
'[13, 2, 4, 8589934592, 4224, 0]'
'[13, 2, 4, 8589934592, 4224, 0]'
'[13, 2, 4, 8589934592, 4224, 0]'
'[13, 2, 4, 8589934592, 4224, 0]'
10 rows selected 
>>>  
>>>  drop table bitmap_test;
No rows affected 
>>>  !record
