Saving all output to "!!{outputDirectory}!!/udf_array.q.raw". Enter "record" with no arguments to stop it.
>>>  !run !!{qFileDirectory}!!/udf_array.q
>>>  DESCRIBE FUNCTION array;
'tab_name'
'array(n0, n1...) - Creates an array with the given elements '
1 row selected 
>>>  DESCRIBE FUNCTION EXTENDED array;
'tab_name'
'array(n0, n1...) - Creates an array with the given elements '
1 row selected 
>>>  
>>>  EXPLAIN SELECT array(), array()[1], array(1, 2, 3), array(1, 2, 3)[2], array(1,"a", 2, 3), array(1,"a", 2, 3)[2], 
array(array(1), array(2), array(3), array(4))[1][0] FROM src LIMIT 1;
'Explain'
'ABSTRACT SYNTAX TREE:'
'  (TOK_QUERY (TOK_FROM (TOK_TABREF (TOK_TABNAME src))) (TOK_INSERT (TOK_DESTINATION (TOK_DIR TOK_TMP_FILE)) (TOK_SELECT (TOK_SELEXPR (TOK_FUNCTION array)) (TOK_SELEXPR ([ (TOK_FUNCTION array) 1)) (TOK_SELEXPR (TOK_FUNCTION array 1 2 3)) (TOK_SELEXPR ([ (TOK_FUNCTION array 1 2 3) 2)) (TOK_SELEXPR (TOK_FUNCTION array 1 "a" 2 3)) (TOK_SELEXPR ([ (TOK_FUNCTION array 1 "a" 2 3) 2)) (TOK_SELEXPR ([ ([ (TOK_FUNCTION array (TOK_FUNCTION array 1) (TOK_FUNCTION array 2) (TOK_FUNCTION array 3) (TOK_FUNCTION array 4)) 1) 0))) (TOK_LIMIT 1)))'
''
'STAGE DEPENDENCIES:'
'  Stage-1 is a root stage'
'  Stage-0 is a root stage'
''
'STAGE PLANS:'
'  Stage: Stage-1'
'    Map Reduce'
'      Alias -> Map Operator Tree:'
'        src '
'          TableScan'
'            alias: src'
'            Select Operator'
'              expressions:'
'                    expr: array()'
'                    type: array<string>'
'                    expr: array()[1]'
'                    type: string'
'                    expr: array(1,2,3)'
'                    type: array<int>'
'                    expr: array(1,2,3)[2]'
'                    type: int'
'                    expr: array(1,'a',2,3)'
'                    type: array<string>'
'                    expr: array(1,'a',2,3)[2]'
'                    type: string'
'                    expr: array(array(1),array(2),array(3),array(4))[1][0]'
'                    type: int'
'              outputColumnNames: _col0, _col1, _col2, _col3, _col4, _col5, _col6'
'              Limit'
'                File Output Operator'
'                  compressed: false'
'                  GlobalTableId: 0'
'                  table:'
'                      input format: org.apache.hadoop.mapred.TextInputFormat'
'                      output format: org.apache.hadoop.hive.ql.io.HiveIgnoreKeyTextOutputFormat'
''
'  Stage: Stage-0'
'    Fetch Operator'
'      limit: 1'
''
''
44 rows selected 
>>>  
>>>  SELECT array(), array()[1], array(1, 2, 3), array(1, 2, 3)[2], array(1,"a", 2, 3), array(1,"a", 2, 3)[2], 
array(array(1), array(2), array(3), array(4))[1][0] FROM src LIMIT 1;
'_c0','_c1','_c2','_c3','_c4','_c5','_c6'
'[]','','[1, 2, 3]','3','[1, a, 2, 3]','2','2'
1 row selected 
>>>  !record
